
> academic-portal@0.1.0 test
> jest

node.exe : FAIL src/co
ntext/__tests__/DataCo
ntext.test.tsx
At line:1 char:1
+ & 
"D:\Apps/node.exe" "D:
\Apps/node_modules/npm
/bin/npm-cli.js" test
+ ~~~~~~~~~~~~~~~~~~~~
~~~~~~~~~~~~~~~~~~~~~~
~~~~~~~~~~~~~~~~~~~~~~
~~~
    + CategoryInfo    
          : NotSpeci  
  fied: (FAIL src/c   
 ontex...ontext.te    
st.tsx:String) []    
, RemoteException
    + FullyQualifiedE 
   rrorId : NativeCo  
  mmandError
 
  ΓùÅ Test suite 
failed to run

    Cannot find 
module '@testing-libra
ry/user-event' from 's
rc/context/__tests__/D
ataContext.test.tsx'

    [0m [90m 13 
|[39m                
 {isAuthenticated 
[33m?[39m [32m'Auth
enticated'[39m 
[33m:[39m [32m'Not 
Authenticated'[39m}
     [90m 14 |[39m  
           [33m<[39m
[33m/[39m[33mdiv[3
9m[33m>[39m
    [31m[1m>[22m[3
9m[90m 15 |[39m     
        [33m<[39m[3
3mdiv[39m data[33m-
[39mtestid[33m=[39m
[32m"user-name"[39m[
33m>[39m{user[33m?[
39m[33m.[39mname}[3
3m<[39m[33m/[39m[3
3mdiv[39m[33m>[39m
     [90m    |[39m  
                      
                      
             
[31m[1m^[22m[39m
     [90m 16 |[39m  
           [33m<[39m
[33mbutton[39m 
onClick[33m=[39m{() 
[33m=>[39m login([3
2m'202503410'[39m[33
m,[39m [32m'password
'[39m)}[33m>[39m[3
3mLogin[39m [33mSucc
ess[39m[33m<[39m[3
3m/[39m[33mbutton[3
9m[33m>[39m
     [90m 17 |[39m  
           [33m<[39m
[33mbutton[39m 
onClick[33m=[39m{() 
[33m=>[39m login([3
2m'wrong'[39m[33m,[
39m [32m'password'[3
9m)}[33m>[39m[33mLo
gin[39m [33mFail[39
m[33m<[39m[33m/[39
m[33mbutton[39m[33m
>[39m
     [90m 18 |[39m  
           [33m<[39m
[33mbutton[39m onCli
ck[33m=[39m{logout}
[33m>[39m[33mLogout
[39m[33m<[39m[33m/
[39m[33mbutton[39m[
33m>[39m[0m

      at Resolver._thr
owModNotFoundError (C:
\Users\DELL\Desktop\st
itch_academic_registra
tion_results (1)../../
../../../academic-port
al/node_modules/jest-r
esolve/build/index.js:
863:11)
      at 
Object.<anonymous> (C:
\Users\DELL\Desktop\st
itch_academic_registra
tion_results (1)../../
../../../academic-port
al/src/context/__tests
__/DataContext.test.ts
x:15:59)

PASS src/components/co
mmon/__tests__/Card.te
st.tsx
PASS src/components/co
mmon/__tests__/StatCar
d.test.tsx
FAIL src/components/co
mmon/__tests__/PageHea
der.test.tsx
  ΓùÅ PageHeader ΓÇ║ 
renders title and 
description

    TypeError: Cannot 
read properties of 
undefined (reading 
'map')

    [0m [90m 21 
|[39m             [3
3m<[39m[33mdiv[39m
[33m>[39m
     [90m 22 |[39m  
               [33m<
[39m[33mdiv[39m clas
sName[33m=[39m[32m"
flex items-center 
gap-2 text-sm 
text-slate-500 
dark:text-slate-400 
mb-1"[39m[33m>[39m
    [31m[1m>[22m[3
9m[90m 23 |[39m     
                {bread
crumbs[33m.[39mmap((
crumb[33m,[39m 
index) [33m=>[39m (
     [90m    |[39m  
                      
          
[31m[1m^[22m[39m
     [90m 24 |[39m  
                      
 [33m<[39m[33mReact
[39m[33m.[39m[33mF
ragment[39m key[33m=
[39m{index}[33m>[39
m
     [90m 25 |[39m  
                      
     {index 
[33m>[39m 
[35m0[39m 
[33m&&[39m (
     [90m 26 |[39m  
                      
         [33m<[39m[
33mspan[39m className
[33m=[39m[32m"mater
ial-symbols-outlined 
text-xs rtl:rotate-180
"[39m[33m>[39m[0m

      at map (C:\Users
\DELL\Desktop\stitch_a
cademic_registration_r
esults (1)../../../../
../academic-portal/src
/components/common/Pag
eHeader.tsx:23:34)
      at Object.react_
stack_bottom_frame (C:
\Users\DELL\Desktop\st
itch_academic_registra
tion_results (1)../../
../../../academic-port
al/node_modules/react-
dom/cjs/react-dom-clie
nt.development.js:2590
4:20)
      at 
renderWithHooks (C:\Us
ers\DELL\Desktop\stitc
h_academic_registratio
n_results (1)../../../
../../academic-portal/
node_modules/react-dom
/cjs/react-dom-client.
development.js:7662:22
)
      at updateFunctio
nComponent (C:\Users\D
ELL\Desktop\stitch_aca
demic_registration_res
ults (1)../../../../..
/academic-portal/node_
modules/react-dom/cjs/
react-dom-client.devel
opment.js:10166:19)
      at beginWork (C:
\Users\DELL\Desktop\st
itch_academic_registra
tion_results (1)../../
../../../academic-port
al/node_modules/react-
dom/cjs/react-dom-clie
nt.development.js:1177
8:18)
      at 
runWithFiberInDEV (C:\
Users\DELL\Desktop\sti
tch_academic_registrat
ion_results (1)../../.
./../../academic-porta
l/node_modules/react-d
om/cjs/react-dom-clien
t.development.js:874:1
3)
      at 
performUnitOfWork (C:\
Users\DELL\Desktop\sti
tch_academic_registrat
ion_results (1)../../.
./../../academic-porta
l/node_modules/react-d
om/cjs/react-dom-clien
t.development.js:17641
:22)
      at workLoopSync 
(C:\Users\DELL\Desktop
\stitch_academic_regis
tration_results (1)../
../../../../academic-p
ortal/node_modules/rea
ct-dom/cjs/react-dom-c
lient.development.js:1
7469:41)
      at 
renderRootSync (C:\Use
rs\DELL\Desktop\stitch
_academic_registration
_results (1)../../../.
./../academic-portal/n
ode_modules/react-dom/
cjs/react-dom-client.d
evelopment.js:17450:11
)
      at 
performWorkOnRoot (C:\
Users\DELL\Desktop\sti
tch_academic_registrat
ion_results (1)../../.
./../../academic-porta
l/node_modules/react-d
om/cjs/react-dom-clien
t.development.js:16583
:35)
      at performWorkOn
RootViaSchedulerTask (
C:\Users\DELL\Desktop\
stitch_academic_regist
ration_results (1)../.
./../../../academic-po
rtal/node_modules/reac
t-dom/cjs/react-dom-cl
ient.development.js:18
957:7)
      at 
flushActQueue (C:\User
s\DELL\Desktop\stitch_
academic_registration_
results (1)../../../..
/../academic-portal/no
de_modules/react/cjs/r
eact.development.js:59
0:34)
      at process.env.N
ODE_ENV.exports.act (C
:\Users\DELL\Desktop\s
titch_academic_registr
ation_results (1)../..
/../../../academic-por
tal/node_modules/react
/cjs/react.development
.js:884:10)
      at C:\Users\DELL
\Desktop\stitch_academ
ic_registration_result
s (1)../../../../../ac
ademic-portal/node_mod
ules/@testing-library/
react/dist/act-compat.
js:46:25
      at renderRoot (C
:\Users\DELL\Desktop\s
titch_academic_registr
ation_results (1)../..
/../../../academic-por
tal/node_modules/@test
ing-library/react/dist
/pure.js:189:26)
      at render (C:\Us
ers\DELL\Desktop\stitc
h_academic_registratio
n_results (1)../../../
../../academic-portal/
node_modules/@testing-
library/react/dist/pur
e.js:291:10)
      at 
Object.<anonymous> (C:
\Users\DELL\Desktop\st
itch_academic_registra
tion_results (1)../../
../../../academic-port
al/src/components/comm
on/__tests__/PageHeade
r.test.tsx:7:15)

  ΓùÅ PageHeader ΓÇ║ 
renders actions when 
provided

    TypeError: Cannot 
read properties of 
undefined (reading 
'map')

    [0m [90m 21 
|[39m             [3
3m<[39m[33mdiv[39m
[33m>[39m
     [90m 22 |[39m  
               [33m<
[39m[33mdiv[39m clas
sName[33m=[39m[32m"
flex items-center 
gap-2 text-sm 
text-slate-500 
dark:text-slate-400 
mb-1"[39m[33m>[39m
    [31m[1m>[22m[3
9m[90m 23 |[39m     
                {bread
crumbs[33m.[39mmap((
crumb[33m,[39m 
index) [33m=>[39m (
     [90m    |[39m  
                      
          
[31m[1m^[22m[39m
     [90m 24 |[39m  
                      
 [33m<[39m[33mReact
[39m[33m.[39m[33mF
ragment[39m key[33m=
[39m{index}[33m>[39
m
     [90m 25 |[39m  
                      
     {index 
[33m>[39m 
[35m0[39m 
[33m&&[39m (
     [90m 26 |[39m  
                      
         [33m<[39m[
33mspan[39m className
[33m=[39m[32m"mater
ial-symbols-outlined 
text-xs rtl:rotate-180
"[39m[33m>[39m[0m

      at map (C:\Users
\DELL\Desktop\stitch_a
cademic_registration_r
esults (1)../../../../
../academic-portal/src
/components/common/Pag
eHeader.tsx:23:34)
      at Object.react_
stack_bottom_frame (C:
\Users\DELL\Desktop\st
itch_academic_registra
tion_results (1)../../
../../../academic-port
al/node_modules/react-
dom/cjs/react-dom-clie
nt.development.js:2590
4:20)
      at 
renderWithHooks (C:\Us
ers\DELL\Desktop\stitc
h_academic_registratio
n_results (1)../../../
../../academic-portal/
node_modules/react-dom
/cjs/react-dom-client.
development.js:7662:22
)
      at updateFunctio
nComponent (C:\Users\D
ELL\Desktop\stitch_aca
demic_registration_res
ults (1)../../../../..
/academic-portal/node_
modules/react-dom/cjs/
react-dom-client.devel
opment.js:10166:19)
      at beginWork (C:
\Users\DELL\Desktop\st
itch_academic_registra
tion_results (1)../../
../../../academic-port
al/node_modules/react-
dom/cjs/react-dom-clie
nt.development.js:1177
8:18)
      at 
runWithFiberInDEV (C:\
Users\DELL\Desktop\sti
tch_academic_registrat
ion_results (1)../../.
./../../academic-porta
l/node_modules/react-d
om/cjs/react-dom-clien
t.development.js:874:1
3)
      at 
performUnitOfWork (C:\
Users\DELL\Desktop\sti
tch_academic_registrat
ion_results (1)../../.
./../../academic-porta
l/node_modules/react-d
om/cjs/react-dom-clien
t.development.js:17641
:22)
      at workLoopSync 
(C:\Users\DELL\Desktop
\stitch_academic_regis
tration_results (1)../
../../../../academic-p
ortal/node_modules/rea
ct-dom/cjs/react-dom-c
lient.development.js:1
7469:41)
      at 
renderRootSync (C:\Use
rs\DELL\Desktop\stitch
_academic_registration
_results (1)../../../.
./../academic-portal/n
ode_modules/react-dom/
cjs/react-dom-client.d
evelopment.js:17450:11
)
      at 
performWorkOnRoot (C:\
Users\DELL\Desktop\sti
tch_academic_registrat
ion_results (1)../../.
./../../academic-porta
l/node_modules/react-d
om/cjs/react-dom-clien
t.development.js:16583
:35)
      at performWorkOn
RootViaSchedulerTask (
C:\Users\DELL\Desktop\
stitch_academic_regist
ration_results (1)../.
./../../../academic-po
rtal/node_modules/reac
t-dom/cjs/react-dom-cl
ient.development.js:18
957:7)
      at 
flushActQueue (C:\User
s\DELL\Desktop\stitch_
academic_registration_
results (1)../../../..
/../academic-portal/no
de_modules/react/cjs/r
eact.development.js:59
0:34)
      at process.env.N
ODE_ENV.exports.act (C
:\Users\DELL\Desktop\s
titch_academic_registr
ation_results (1)../..
/../../../academic-por
tal/node_modules/react
/cjs/react.development
.js:884:10)
      at C:\Users\DELL
\Desktop\stitch_academ
ic_registration_result
s (1)../../../../../ac
ademic-portal/node_mod
ules/@testing-library/
react/dist/act-compat.
js:46:25
      at renderRoot (C
:\Users\DELL\Desktop\s
titch_academic_registr
ation_results (1)../..
/../../../academic-por
tal/node_modules/@test
ing-library/react/dist
/pure.js:189:26)
      at render (C:\Us
ers\DELL\Desktop\stitc
h_academic_registratio
n_results (1)../../../
../../academic-portal/
node_modules/@testing-
library/react/dist/pur
e.js:291:10)
      at 
Object.<anonymous> (C:
\Users\DELL\Desktop\st
itch_academic_registra
tion_results (1)../../
../../../academic-port
al/src/components/comm
on/__tests__/PageHeade
r.test.tsx:29:15)

FAIL src/components/co
mmon/__tests__/StatusB
adge.test.tsx
  ΓùÅ StatusBadge ΓÇ║ 
renders dot when 
showDot is true

    SyntaxError: 
'.rounded-full.w-1,,' 
is not a valid 
selector

    [0m [90m 12 
|[39m         
[36mconst[39m { 
container } 
[33m=[39m render([3
3m<[39m[33mStatusBad
ge[39m label[33m=[3
9m[32m"Active"[39m 
showDot [33m/[39m[3
3m>[39m)[33m;[39m
     [90m 13 |[39m  
       [90m// search 
for the dot 
element[39m
    [31m[1m>[22m[3
9m[90m 14 |[39m     
    [36mconst[39m 
dot [33m=[39m contai
ner[33m.[39mquerySel
ector([32m'.rounded-f
ull.w-1.5'[39m)[33m;
[39m
     [90m    |[39m  
                      
       
[31m[1m^[22m[39m
     [90m 15 |[39m  
       expect(dot)[33
m.[39mtoBeInTheDocume
nt()[33m;[39m
     [90m 16 |[39m  
   })[33m;[39m
     [90m 17 
|[39m[0m

      at emit (C:\User
s\DELL\Desktop\stitch_
academic_registration_
results (1)../../../..
/../academic-portal/no
de_modules/nwsapi/src/
nwsapi.js:670:17)
      at parse (C:\Use
rs\DELL\Desktop\stitch
_academic_registration
_results (1)../../../.
./../academic-portal/n
ode_modules/nwsapi/src
/nwsapi.js:1612:13)
      at 
_querySelectorAll (C:\
Users\DELL\Desktop\sti
tch_academic_registrat
ion_results (1)../../.
./../../academic-porta
l/node_modules/nwsapi/
src/nwsapi.js:1701:44)
      at 
Object._querySelector 
[as first] (C:\Users\D
ELL\Desktop\stitch_aca
demic_registration_res
ults (1)../../../../..
/academic-portal/node_
modules/nwsapi/src/nws
api.js:1637:14)
      at HTMLDivElemen
tImpl.querySelector (C
:\Users\DELL\Desktop\s
titch_academic_registr
ation_results (1)../..
/../../../academic-por
tal/node_modules/jsdom
/lib/jsdom/living/node
s/ParentNode-impl.js:6
9:44)
      at HTMLDivElemen
t.querySelector (C:\Us
ers\DELL\Desktop\stitc
h_academic_registratio
n_results (1)../../../
../../academic-portal/
node_modules/jsdom/lib
/jsdom/living/generate
d/Element.js:1094:58)
      at 
Object.querySelector (
C:\Users\DELL\Desktop\
stitch_academic_regist
ration_results (1)../.
./../../../academic-po
rtal/src/components/co
mmon/__tests__/StatusB
adge.test.tsx:14:31)

FAIL src/app/login/__t
ests__/page.test.tsx
  ΓùÅ LoginPage ΓÇ║ 
renders login form

    TestingLibraryElem
entError: Found a 
label with the text 
of: /╪º┘ä╪▒┘é┘à 
╪º┘ä╪¼╪º┘à╪╣┘è/i, 
however no form 
control was found 
associated to that 
label. Make sure 
you're using the 
"for" attribute or 
"aria-labelledby" 
attribute correctly.

    Ignored nodes: 
comments, script, 
style
    [36m<body>[39m
      [36m<div>[39m
        [36m<div[39m
          [33mclass[
39m=[32m"min-h-screen
 flex items-center 
justify-center 
bg-slate-50 
dark:bg-slate-900 
p-4"[39m
        [36m>[39m
          
[36m<div[39m
            [33mclass
[39m=[32m"w-full 
max-w-5xl bg-white 
dark:bg-slate-800 
rounded-3xl 
shadow-2xl 
overflow-hidden flex 
flex-col md:flex-row 
rtl:flex-row-reverse 
border 
border-slate-100 
dark:border-slate-700 
min-h-[600px]"[39m
          [36m>[39m
            
[36m<div[39m
              [33mcla
ss[39m=[32m"hidden 
md:block w-1/2 
relative 
bg-primary"[39m
            
[36m>[39m
              
[36m<img[39m
                [33ma
lt[39m=[32m"Universi
ty Campus"[39m
                [33mc
lass[39m=[32m"absolu
te inset-0 w-full 
h-full object-cover 
mix-blend-overlay 
opacity-40"[39m
                [33ms
rc[39m=[32m"https://
images.unsplash.com/ph
oto-1541339907198-e087
56dedf3f?q=80&w=2070&a
uto=format&fit=crop"[
39m
              
[36m/>[39m
              
[36m<div[39m
                [33mc
lass[39m=[32m"absolu
te inset-0 
bg-gradient-to-t 
from-primary/90 
to-transparent"[39m
              
[36m/>[39m
              
[36m<div[39m
                [33mc
lass[39m=[32m"absolu
te bottom-0 right-0 
w-full p-12 
text-white 
text-right"[39m
              
[36m>[39m
                
[36m<h2[39m
                  [33
mclass[39m=[32m"text
-3xl font-extrabold 
mb-2"[39m
                
[36m>[39m
                  
[0m╪º┘ä┘å╪╕╪º┘à 
╪º┘ä╪ú┘â╪º╪»┘è┘à┘è 
╪º┘ä┘à┘ê╪¡╪»[0m
                
[36m</h2>[39m
                
[36m<p[39m
                  [33
mclass[39m=[32m"text
-blue-100 
text-lg"[39m
                
[36m>[39m
                  
[0m╪¿┘ê╪º╪¿╪¬┘â 
┘ä┘à╪│╪¬┘é╪¿┘ä 
╪¬╪╣┘ä┘è┘à┘è 
┘à╪¬┘à┘è╪▓ ┘ü┘è 
╪¼╪º┘à╪╣╪⌐ 
╪º┘ä┘é╪º┘ç╪▒╪⌐.[0m
                
[36m</p>[39m
                
[36m<div[39m
                  [33
mclass[39m=[32m"mt-8
 flex gap-4"[39m
                
[36m>[39m
                  
[36m<div[39m
                    [
33mclass[39m=[32m"bg
-white/10 
backdrop-blur-sm p-4 
rounded-xl border 
border-white/20"[39m
                  
[36m>[39m
                    
[36m<span[39m
                      
[33mclass[39m=[32m"
material-symbols-outli
ned text-3xl 
mb-2"[39m
                    
[36m>[39m
                      
[0mschool[0m
                    
[36m</span>[39m
                    
[36m<p[39m
                      
[33mclass[39m=[32m"
text-xs 
font-bold"[39m
                    
[36m>[39m
                      
[0m╪«╪»┘à╪º╪¬ 
╪╖┘ä╪º╪¿┘è╪⌐[0m
                    
[36m</p>[39m
                  
[36m</div>[39m
                  
[36m<div[39m
                    [
33mclass[39m=[32m"bg
-white/10 
backdrop-blur-sm p-4 
rounded-xl border 
border-white/20"[39m
                  
[36m>[39m
                    
[36m<span[39m
                      
[33mclass[39m=[32m"
material-symbols-outli
ned text-3xl 
mb-2"[39m
                    
[36m>[39m
                      
[0mschedule[0m
                    
[36m</span>[39m
                    
[36m<p[39m
                      
[33mclass[39m=[32m"
text-xs 
font-bold"[39m
                    
[36m>[39m
                      
[0m╪¼╪»╪º┘ê┘ä 
╪»╪▒╪º╪│┘è╪⌐[0m
                    
[36m</p>[39m
                  
[36m</div>[39m
                  
[36m<div[39m
                    [
33mclass[39m=[32m"bg
-white/10 
backdrop-blur-sm p-4 
rounded-xl border 
border-white/20"[39m
                  
[36m>[39m
                    
[36m<span[39m
                      
[33mclass[39m=[32m"
material-symbols-outli
ned text-3xl 
mb-2"[39m
                    
[36m>[39m
                      
[0mforum[0m
                    
[36m</span>[39m
                    
[36m<p[39m
                      
[33mclass[39m=[32m"
text-xs 
font-bold"[39m
                    
[36m>[39m
                      
[0m╪¬┘ê╪º╪╡┘ä 
┘ü╪╣╪º┘ä[0m
                    
[36m</p>[39m
                  
[36m</div>[39m
                
[36m</div>[39m
              
[36m</div>[39m
            
[36m</div>[39m
            
[36m<div[39m
              [33mcla
ss[39m=[32m"w-full 
md:w-1/2 p-8 md:p-12 
flex flex-col 
justify-center 
relative"[39m
            
[36m>[39m
              
[36m<div[39m
                [33mc
lass[39m=[32m"flex 
items-center gap-3 
mb-10"[39m
              
[36m>[39m
                
[36m<div[39m
                  [33
mclass[39m=[32m"w-12
 h-12 bg-primary 
rounded-xl flex 
items-center 
justify-center 
text-white shadow-lg s
hadow-primary/30"[39m
                
[36m>[39m
                  
[36m<span[39m
                    [
33mclass[39m=[32m"ma
terial-symbols-outline
d text-3xl"[39m
                  
[36m>[39m
                    
[0mschool[0m
                  
[36m</span>[39m
                
[36m</div>[39m
                
[36m<div>[39m
                  
[36m<h1[39m
                    [
33mclass[39m=[32m"te
xt-xl font-bold 
text-slate-900 
dark:text-white 
leading-tight"[39m
                  
[36m>[39m
                    
[0m╪¼╪º┘à╪╣╪⌐ 
╪º┘ä┘é╪º┘ç╪▒╪⌐[0m
                  
[36m</h1>[39m
                  
[36m<p[39m
                    [
33mclass[39m=[32m"te
xt-xs text-slate-500 
font-medium"[39m
                  
[36m>[39m
                    
[0m┘â┘ä┘è╪⌐ 
╪º┘ä╪»╪▒╪º╪│╪º╪¬ 
╪º┘ä╪╣┘ä┘è╪º 
┘ä┘ä╪¿╪¡┘ê╪½ 
╪º┘ä╪º╪¡╪╡╪º╪ª┘è╪⌐[0m
                  
[36m</p>[39m
                
[36m</div>[39m
              
[36m</div>[39m
              
[36m<div[39m
                [33mc
lass[39m=[32m"mb-8"
[39m
              
[36m>[39m
                
[36m<h2[39m
                  [33
mclass[39m=[32m"text
-2xl font-extrabold 
text-slate-900 
dark:text-white 
mb-2"[39m
                
[36m>[39m
                  
[0m╪¬╪│╪¼┘è┘ä 
╪º┘ä╪»╪«┘ê┘ä[0m
                
[36m</h2>[39m
                
[36m<p[39m
                  [33
mclass[39m=[32m"text
-slate-500 
dark:text-slate-400 
text-sm"[39m
                
[36m>[39m
                  
[0m┘à╪▒╪¡╪¿╪º┘ï 
╪¿╪╣┘ê╪»╪¬┘â! 
┘è╪▒╪¼┘ë ╪Ñ╪»╪«╪º┘ä 
╪¿┘è╪º┘å╪º╪¬┘â 
┘ä┘ä┘à╪¬╪º╪¿╪╣╪⌐.[0m
                
[36m</p>[39m
              
[36m</div>[39m
              
[36m<form[39m
                [33mc
lass[39m=[32m"space-
y-5"[39m
              
[36m>[39m
                
[36m<div>[39m
                  
[36m<label[39m
                    [
33mclass[39m=[32m"bl
ock text-sm font-bold 
text-slate-700 
dark:text-slate-300 
mb-2"[39m
                  
[36m>[39m
                    
[0m╪º┘ä╪▒┘é┘à 
╪º┘ä╪¼╪º┘à╪╣┘è[0m
                  
[36m</label>[39m
                  
[36m<div[39m
                    [
33mclass[39m=[32m"re
lative"[39m
                  
[36m>[39m
                    
[36m<input[39m
                      
[33mclass[39m=[32m"
w-full bg-slate-50 
dark:bg-slate-900 
border 
border-slate-200 
dark:border-slate-600 
rounded-xl px-4 py-3 
pl-10 focus:ring-2 
focus:ring-primary 
focus:border-primary 
transition-all 
outline-none 
font-mono text-left 
dir-ltr"[39m
                      
[33mplaceholder[39m=
[32m"2025xxxxx"[39m
                      
[33mrequired[39m=[3
2m""[39m
                      
[33mtype[39m=[32m"t
ext"[39m
                      
[33mvalue[39m=[32m"
202503410"[39m
                    
[36m/>[39m
                    
[36m<span[39m
                      
[33mclass[39m=[32m"
material-symbols-outli
ned absolute left-3 
top-1/2 
-translate-y-1/2 
text-slate-400"[39m
                    
[36m>[39m
                      
[0mbadge[0m
                    
[36m</span>[39m
                  
[36m</div>[39m
                
[36m</div>[39m
                
[36m<div>[39m
                  
[36m<div[39m
                    [
33mclass[39m=[32m"fl
ex justify-between 
items-center 
mb-2"[39m
                  
[36m>[39m
                    
[36m<label[39m
                      
[33mclass[39m=[32m"
block text-sm 
font-bold 
text-slate-700 dark:te
xt-slate-300"[39m
                    
[36m>[39m
                      
[0m┘â┘ä┘à╪⌐ 
╪º┘ä┘à╪▒┘ê╪▒[0m
                    
[36m</label>[39m
                    
[36m<a[39m
                      
[33mclass[39m=[32m"
text-xs font-bold 
text-primary 
hover:underline"[39m
                      
[33mhref[39m=[32m"#
"[39m
                    
[36m>[39m
                      
[0m┘å╪│┘è╪¬ ┘â┘ä┘à╪⌐ 
╪º┘ä┘à╪▒┘ê╪▒╪ƒ[0m
                    
[36m</a>[39m
                  
[36m</div>[39m
                  
[36m<div[39m
                    [
33mclass[39m=[32m"re
lative"[39m
                  
[36m>[39m
                    
[36m<input[39m
                      
[33mclass[39m=[32m"
w-full bg-slate-50 
dark:bg-slate-900 
border 
border-slate-200 
dark:border-slate-600 
rounded-xl px-4 py-3 
pl-10 focus:ring-2 
focus:ring-primary 
focus:border-primary 
transition-all 
outline-none dir-ltr 
text-left"[39m
                      
[33mplaceholder[39m=
[32m"ΓÇóΓÇóΓÇóΓÇóΓÇóΓ
ÇóΓÇóΓÇó"[39m
                      
[33mrequired[39m=[3
2m""[39m
                      
[33mtype[39m=[32m"p
assword"[39m
                      
[33mvalue[39m=[32m"
"[39m
                    
[36m/>[39m
                    
[36m<span[39m
                      
[33mclass[39m=[32m"
material-symbols-outli
ned absolute left-3 
top-1/2 
-translate-y-1/2 
text-slate-400"[39m
                    
[36m>[39m
                      
[0mlock[0m
                    
[36m</span>[39m
                  
[36m</div>[39m
                
[36m</div>[39m
                
[36m<button[39m
                  [33
mclass[39m=[32m"w-fu
ll bg-primary hover:bg
-primary-light 
text-white font-bold 
py-3.5 rounded-xl 
shadow-lg 
shadow-primary/30 
transition-all flex 
items-center 
justify-center gap-2 
disabled:opacity-70 di
sabled:cursor-not-allo
wed mt-2"[39m
                  [33
mtype[39m=[32m"submi
t"[39m
                
[36m>[39m
                  
[36m<span>[39m
                    
[0m╪»╪«┘ê┘ä[0m
                  
[36m</span>[39m
                  
[36m<span[39m
                    [
33mclass[39m=[32m"ma
terial-symbols-outline
d rtl:rotate-180"[39m
                  
[36m>[39m
                    
[0mlogin[0m
                  
[36m</span>[39m
                
[36m</button>[39m
              
[36m</form>[39m
              
[36m<div[39m
                [33mc
lass[39m=[32m"mt-8 
pt-6 border-t 
border-slate-100 
dark:border-slate-700 
text-center"[39m
              
[36m>[39m
                
[36m<p[39m
                  [33
mclass[39m=[32m"text
-xs 
text-slate-400"[39m
                
[36m>[39m
                  
[0m╪¬┘ê╪º╪¼┘ç 
┘à╪┤┘â┘ä╪⌐ ┘ü┘è 
╪º┘ä╪»╪«┘ê┘ä╪ƒ [0m
                  
[36m<a[39m
                    [
33mclass[39m=[32m"te
xt-primary font-bold 
hover:underline"[39m
                    [
33mhref[39m=[32m"#"
[39m
                  
[36m>[39m
                    
[0m╪¬┘ê╪º╪╡┘ä ┘à╪╣ 
╪º┘ä╪»╪╣┘à 
╪º┘ä┘ü┘å┘è[0m
                  
[36m</a>[39m
                
[36m</p>[39m
              
[36m</div>[39m
            
[36m</div>[39m
          
[36m</div>[39m
        
[36m</div>[39m
      [36m</div>[39m
    [36m</body>[39m

    [0m [90m 19 
|[39m         
)[33m;[39m
     [90m 20 |[39m
    [31m[1m>[22m[3
9m[90m 21 |[39m     
    expect(screen[33m
.[39mgetByLabelText(
[35m/╪º┘ä╪▒┘é┘à ╪º┘ä╪¼
╪º┘à╪╣┘è/i[39m))[33m
.[39mtoBeInTheDocumen
t()[33m;[39m
     [90m    |[39m  
                     
[31m[1m^[22m[39m
     [90m 22 |[39m  
       expect(screen[
33m.[39mgetByLabelTex
t([35m/┘â┘ä┘à╪⌐ ╪º┘ä┘
à╪▒┘ê╪▒/i[39m))[33m.
[39mtoBeInTheDocument
()[33m;[39m
     [90m 23 |[39m  
       expect(screen[
33m.[39mgetByRole([3
2m'button'[39m[33m,
[39m { 
name[33m:[39m 
[35m/╪¬╪│╪¼┘è┘ä 
╪º┘ä╪»╪«┘ê┘ä/i[39m })
)[33m.[39mtoBeInTheD
ocument()[33m;[39m
     [90m 24 |[39m  
   })[33m;[39m[0m

      at Object.getEle
mentError (C:\Users\DE
LL\Desktop\stitch_acad
emic_registration_resu
lts (1)../../../../../
academic-portal/node_m
odules/@testing-librar
y/dom/dist/config.js:3
7:19)
      at 
getAllByLabelText (C:\
Users\DELL\Desktop\sti
tch_academic_registrat
ion_results (1)../../.
./../../academic-porta
l/node_modules/@testin
g-library/dom/dist/que
ries/label-text.js:108
:40)
      at C:\Users\DELL
\Desktop\stitch_academ
ic_registration_result
s (1)../../../../../ac
ademic-portal/node_mod
ules/@testing-library/
dom/dist/query-helpers
.js:52:17
      at C:\Users\DELL
\Desktop\stitch_academ
ic_registration_result
s (1)../../../../../ac
ademic-portal/node_mod
ules/@testing-library/
dom/dist/query-helpers
.js:95:19
      at 
Object.getByLabelText 
(C:\Users\DELL\Desktop
\stitch_academic_regis
tration_results (1)../
../../../../academic-p
ortal/src/app/login/__
tests__/page.test.tsx:
21:23)

  ΓùÅ LoginPage ΓÇ║ 
updates input values

    TestingLibraryElem
entError: Found a 
label with the text 
of: /╪º┘ä╪▒┘é┘à 
╪º┘ä╪¼╪º┘à╪╣┘è/i, 
however no form 
control was found 
associated to that 
label. Make sure 
you're using the 
"for" attribute or 
"aria-labelledby" 
attribute correctly.

    Ignored nodes: 
comments, script, 
style
    [36m<body>[39m
      [36m<div>[39m
        [36m<div[39m
          [33mclass[
39m=[32m"min-h-screen
 flex items-center 
justify-center 
bg-slate-50 
dark:bg-slate-900 
p-4"[39m
        [36m>[39m
          
[36m<div[39m
            [33mclass
[39m=[32m"w-full 
max-w-5xl bg-white 
dark:bg-slate-800 
rounded-3xl 
shadow-2xl 
overflow-hidden flex 
flex-col md:flex-row 
rtl:flex-row-reverse 
border 
border-slate-100 
dark:border-slate-700 
min-h-[600px]"[39m
          [36m>[39m
            
[36m<div[39m
              [33mcla
ss[39m=[32m"hidden 
md:block w-1/2 
relative 
bg-primary"[39m
            
[36m>[39m
              
[36m<img[39m
                [33ma
lt[39m=[32m"Universi
ty Campus"[39m
                [33mc
lass[39m=[32m"absolu
te inset-0 w-full 
h-full object-cover 
mix-blend-overlay 
opacity-40"[39m
                [33ms
rc[39m=[32m"https://
images.unsplash.com/ph
oto-1541339907198-e087
56dedf3f?q=80&w=2070&a
uto=format&fit=crop"[
39m
              
[36m/>[39m
              
[36m<div[39m
                [33mc
lass[39m=[32m"absolu
te inset-0 
bg-gradient-to-t 
from-primary/90 
to-transparent"[39m
              
[36m/>[39m
              
[36m<div[39m
                [33mc
lass[39m=[32m"absolu
te bottom-0 right-0 
w-full p-12 
text-white 
text-right"[39m
              
[36m>[39m
                
[36m<h2[39m
                  [33
mclass[39m=[32m"text
-3xl font-extrabold 
mb-2"[39m
                
[36m>[39m
                  
[0m╪º┘ä┘å╪╕╪º┘à 
╪º┘ä╪ú┘â╪º╪»┘è┘à┘è 
╪º┘ä┘à┘ê╪¡╪»[0m
                
[36m</h2>[39m
                
[36m<p[39m
                  [33
mclass[39m=[32m"text
-blue-100 
text-lg"[39m
                
[36m>[39m
                  
[0m╪¿┘ê╪º╪¿╪¬┘â 
┘ä┘à╪│╪¬┘é╪¿┘ä 
╪¬╪╣┘ä┘è┘à┘è 
┘à╪¬┘à┘è╪▓ ┘ü┘è 
╪¼╪º┘à╪╣╪⌐ 
╪º┘ä┘é╪º┘ç╪▒╪⌐.[0m
                
[36m</p>[39m
                
[36m<div[39m
                  [33
mclass[39m=[32m"mt-8
 flex gap-4"[39m
                
[36m>[39m
                  
[36m<div[39m
                    [
33mclass[39m=[32m"bg
-white/10 
backdrop-blur-sm p-4 
rounded-xl border 
border-white/20"[39m
                  
[36m>[39m
                    
[36m<span[39m
                      
[33mclass[39m=[32m"
material-symbols-outli
ned text-3xl 
mb-2"[39m
                    
[36m>[39m
                      
[0mschool[0m
                    
[36m</span>[39m
                    
[36m<p[39m
                      
[33mclass[39m=[32m"
text-xs 
font-bold"[39m
                    
[36m>[39m
                      
[0m╪«╪»┘à╪º╪¬ 
╪╖┘ä╪º╪¿┘è╪⌐[0m
                    
[36m</p>[39m
                  
[36m</div>[39m
                  
[36m<div[39m
                    [
33mclass[39m=[32m"bg
-white/10 
backdrop-blur-sm p-4 
rounded-xl border 
border-white/20"[39m
                  
[36m>[39m
                    
[36m<span[39m
                      
[33mclass[39m=[32m"
material-symbols-outli
ned text-3xl 
mb-2"[39m
                    
[36m>[39m
                      
[0mschedule[0m
                    
[36m</span>[39m
                    
[36m<p[39m
                      
[33mclass[39m=[32m"
text-xs 
font-bold"[39m
                    
[36m>[39m
                      
[0m╪¼╪»╪º┘ê┘ä 
╪»╪▒╪º╪│┘è╪⌐[0m
                    
[36m</p>[39m
                  
[36m</div>[39m
                  
[36m<div[39m
                    [
33mclass[39m=[32m"bg
-white/10 
backdrop-blur-sm p-4 
rounded-xl border 
border-white/20"[39m
                  
[36m>[39m
                    
[36m<span[39m
                      
[33mclass[39m=[32m"
material-symbols-outli
ned text-3xl 
mb-2"[39m
                    
[36m>[39m
                      
[0mforum[0m
                    
[36m</span>[39m
                    
[36m<p[39m
                      
[33mclass[39m=[32m"
text-xs 
font-bold"[39m
                    
[36m>[39m
                      
[0m╪¬┘ê╪º╪╡┘ä 
┘ü╪╣╪º┘ä[0m
                    
[36m</p>[39m
                  
[36m</div>[39m
                
[36m</div>[39m
              
[36m</div>[39m
            
[36m</div>[39m
            
[36m<div[39m
              [33mcla
ss[39m=[32m"w-full 
md:w-1/2 p-8 md:p-12 
flex flex-col 
justify-center 
relative"[39m
            
[36m>[39m
              
[36m<div[39m
                [33mc
lass[39m=[32m"flex 
items-center gap-3 
mb-10"[39m
              
[36m>[39m
                
[36m<div[39m
                  [33
mclass[39m=[32m"w-12
 h-12 bg-primary 
rounded-xl flex 
items-center 
justify-center 
text-white shadow-lg s
hadow-primary/30"[39m
                
[36m>[39m
                  
[36m<span[39m
                    [
33mclass[39m=[32m"ma
terial-symbols-outline
d text-3xl"[39m
                  
[36m>[39m
                    
[0mschool[0m
                  
[36m</span>[39m
                
[36m</div>[39m
                
[36m<div>[39m
                  
[36m<h1[39m
                    [
33mclass[39m=[32m"te
xt-xl font-bold 
text-slate-900 
dark:text-white 
leading-tight"[39m
                  
[36m>[39m
                    
[0m╪¼╪º┘à╪╣╪⌐ 
╪º┘ä┘é╪º┘ç╪▒╪⌐[0m
                  
[36m</h1>[39m
                  
[36m<p[39m
                    [
33mclass[39m=[32m"te
xt-xs text-slate-500 
font-medium"[39m
                  
[36m>[39m
                    
[0m┘â┘ä┘è╪⌐ 
╪º┘ä╪»╪▒╪º╪│╪º╪¬ 
╪º┘ä╪╣┘ä┘è╪º 
┘ä┘ä╪¿╪¡┘ê╪½ 
╪º┘ä╪º╪¡╪╡╪º╪ª┘è╪⌐[0m
                  
[36m</p>[39m
                
[36m</div>[39m
              
[36m</div>[39m
              
[36m<div[39m
                [33mc
lass[39m=[32m"mb-8"
[39m
              
[36m>[39m
                
[36m<h2[39m
                  [33
mclass[39m=[32m"text
-2xl font-extrabold 
text-slate-900 
dark:text-white 
mb-2"[39m
                
[36m>[39m
                  
[0m╪¬╪│╪¼┘è┘ä 
╪º┘ä╪»╪«┘ê┘ä[0m
                
[36m</h2>[39m
                
[36m<p[39m
                  [33
mclass[39m=[32m"text
-slate-500 
dark:text-slate-400 
text-sm"[39m
                
[36m>[39m
                  
[0m┘à╪▒╪¡╪¿╪º┘ï 
╪¿╪╣┘ê╪»╪¬┘â! 
┘è╪▒╪¼┘ë ╪Ñ╪»╪«╪º┘ä 
╪¿┘è╪º┘å╪º╪¬┘â 
┘ä┘ä┘à╪¬╪º╪¿╪╣╪⌐.[0m
                
[36m</p>[39m
              
[36m</div>[39m
              
[36m<form[39m
                [33mc
lass[39m=[32m"space-
y-5"[39m
              
[36m>[39m
                
[36m<div>[39m
                  
[36m<label[39m
                    [
33mclass[39m=[32m"bl
ock text-sm font-bold 
text-slate-700 
dark:text-slate-300 
mb-2"[39m
                  
[36m>[39m
                    
[0m╪º┘ä╪▒┘é┘à 
╪º┘ä╪¼╪º┘à╪╣┘è[0m
                  
[36m</label>[39m
                  
[36m<div[39m
                    [
33mclass[39m=[32m"re
lative"[39m
                  
[36m>[39m
                    
[36m<input[39m
                      
[33mclass[39m=[32m"
w-full bg-slate-50 
dark:bg-slate-900 
border 
border-slate-200 
dark:border-slate-600 
rounded-xl px-4 py-3 
pl-10 focus:ring-2 
focus:ring-primary 
focus:border-primary 
transition-all 
outline-none 
font-mono text-left 
dir-ltr"[39m
                      
[33mplaceholder[39m=
[32m"2025xxxxx"[39m
                      
[33mrequired[39m=[3
2m""[39m
                      
[33mtype[39m=[32m"t
ext"[39m
                      
[33mvalue[39m=[32m"
202503410"[39m
                    
[36m/>[39m
                    
[36m<span[39m
                      
[33mclass[39m=[32m"
material-symbols-outli
ned absolute left-3 
top-1/2 
-translate-y-1/2 
text-slate-400"[39m
                    
[36m>[39m
                      
[0mbadge[0m
                    
[36m</span>[39m
                  
[36m</div>[39m
                
[36m</div>[39m
                
[36m<div>[39m
                  
[36m<div[39m
                    [
33mclass[39m=[32m"fl
ex justify-between 
items-center 
mb-2"[39m
                  
[36m>[39m
                    
[36m<label[39m
                      
[33mclass[39m=[32m"
block text-sm 
font-bold 
text-slate-700 dark:te
xt-slate-300"[39m
                    
[36m>[39m
                      
[0m┘â┘ä┘à╪⌐ 
╪º┘ä┘à╪▒┘ê╪▒[0m
                    
[36m</label>[39m
                    
[36m<a[39m
                      
[33mclass[39m=[32m"
text-xs font-bold 
text-primary 
hover:underline"[39m
                      
[33mhref[39m=[32m"#
"[39m
                    
[36m>[39m
                      
[0m┘å╪│┘è╪¬ ┘â┘ä┘à╪⌐ 
╪º┘ä┘à╪▒┘ê╪▒╪ƒ[0m
                    
[36m</a>[39m
                  
[36m</div>[39m
                  
[36m<div[39m
                    [
33mclass[39m=[32m"re
lative"[39m
                  
[36m>[39m
                    
[36m<input[39m
                      
[33mclass[39m=[32m"
w-full bg-slate-50 
dark:bg-slate-900 
border 
border-slate-200 
dark:border-slate-600 
rounded-xl px-4 py-3 
pl-10 focus:ring-2 
focus:ring-primary 
focus:border-primary 
transition-all 
outline-none dir-ltr 
text-left"[39m
                      
[33mplaceholder[39m=
[32m"ΓÇóΓÇóΓÇóΓÇóΓÇóΓ
ÇóΓÇóΓÇó"[39m
                      
[33mrequired[39m=[3
2m""[39m
                      
[33mtype[39m=[32m"p
assword"[39m
                      
[33mvalue[39m=[32m"
"[39m
                    
[36m/>[39m
                    
[36m<span[39m
                      
[33mclass[39m=[32m"
material-symbols-outli
ned absolute left-3 
top-1/2 
-translate-y-1/2 
text-slate-400"[39m
                    
[36m>[39m
                      
[0mlock[0m
                    
[36m</span>[39m
                  
[36m</div>[39m
                
[36m</div>[39m
                
[36m<button[39m
                  [33
mclass[39m=[32m"w-fu
ll bg-primary hover:bg
-primary-light 
text-white font-bold 
py-3.5 rounded-xl 
shadow-lg 
shadow-primary/30 
transition-all flex 
items-center 
justify-center gap-2 
disabled:opacity-70 di
sabled:cursor-not-allo
wed mt-2"[39m
                  [33
mtype[39m=[32m"submi
t"[39m
                
[36m>[39m
                  
[36m<span>[39m
                    
[0m╪»╪«┘ê┘ä[0m
                  
[36m</span>[39m
                  
[36m<span[39m
                    [
33mclass[39m=[32m"ma
terial-symbols-outline
d rtl:rotate-180"[39m
                  
[36m>[39m
                    
[0mlogin[0m
                  
[36m</span>[39m
                
[36m</button>[39m
              
[36m</form>[39m
              
[36m<div[39m
                [33mc
lass[39m=[32m"mt-8 
pt-6 border-t 
border-slate-100 
dark:border-slate-700 
text-center"[39m
              
[36m>[39m
                
[36m<p[39m
                  [33
mclass[39m=[32m"text
-xs 
text-slate-400"[39m
                
[36m>[39m
                  
[0m╪¬┘ê╪º╪¼┘ç 
┘à╪┤┘â┘ä╪⌐ ┘ü┘è 
╪º┘ä╪»╪«┘ê┘ä╪ƒ [0m
                  
[36m<a[39m
                    [
33mclass[39m=[32m"te
xt-primary font-bold 
hover:underline"[39m
                    [
33mhref[39m=[32m"#"
[39m
                  
[36m>[39m
                    
[0m╪¬┘ê╪º╪╡┘ä ┘à╪╣ 
╪º┘ä╪»╪╣┘à 
╪º┘ä┘ü┘å┘è[0m
                  
[36m</a>[39m
                
[36m</p>[39m
              
[36m</div>[39m
            
[36m</div>[39m
          
[36m</div>[39m
        
[36m</div>[39m
      [36m</div>[39m
    [36m</body>[39m

    [0m [90m 31 
|[39m         
)[33m;[39m
     [90m 32 |[39m
    [31m[1m>[22m[3
9m[90m 33 |[39m     
    [36mconst[39m 
idInput [33m=[39m sc
reen[33m.[39mgetByLa
belText([35m/╪º┘ä╪▒┘é
┘à ╪º┘ä╪¼╪º┘à╪╣┘è/i[3
9m) [36mas[39m [33m
HTMLInputElement[39m
[33m;[39m
     [90m    |[39m  
                      
        
[31m[1m^[22m[39m
     [90m 34 |[39m  
       
[36mconst[39m 
passwordInput 
[33m=[39m screen[33
m.[39mgetByLabelText(
[35m/┘â┘ä┘à╪⌐ 
╪º┘ä┘à╪▒┘ê╪▒/i[39m) 
[36mas[39m [33mHTML
InputElement[39m[33m
;[39m
     [90m 35 |[39m
     [90m 36 |[39m  
       fireEvent[33m.
[39mchange(idInput[3
3m,[39m { 
target[33m:[39m { 
value[33m:[39m 
[32m'123'[39m } 
})[33m;[39m[0m

      at Object.getEle
mentError (C:\Users\DE
LL\Desktop\stitch_acad
emic_registration_resu
lts (1)../../../../../
academic-portal/node_m
odules/@testing-librar
y/dom/dist/config.js:3
7:19)
      at 
getAllByLabelText (C:\
Users\DELL\Desktop\sti
tch_academic_registrat
ion_results (1)../../.
./../../academic-porta
l/node_modules/@testin
g-library/dom/dist/que
ries/label-text.js:108
:40)
      at C:\Users\DELL
\Desktop\stitch_academ
ic_registration_result
s (1)../../../../../ac
ademic-portal/node_mod
ules/@testing-library/
dom/dist/query-helpers
.js:52:17
      at C:\Users\DELL
\Desktop\stitch_academ
ic_registration_result
s (1)../../../../../ac
ademic-portal/node_mod
ules/@testing-library/
dom/dist/query-helpers
.js:95:19
      at 
Object.getByLabelText 
(C:\Users\DELL\Desktop
\stitch_academic_regis
tration_results (1)../
../../../../academic-p
ortal/src/app/login/__
tests__/page.test.tsx:
33:32)

Test Suites: 4 
failed, 2 passed, 6 
total
Tests:       5 
failed, 11 passed, 16 
total
Snapshots:   0 total
Time:        2.124 s, 
estimated 7 s
Ran all test suites.
